################################################################################
#                                                                              #
#      IAR Universal Linker V5.6.0.36                                          #
#                                                                              #
#           Link time     =  10/Jun/2013  18:20:58                             #
#           Target CPU    =  MSP430                                            #
#           List file     =  "C:\Texas Instruments\ZStack-MSP2618-2.5.1\Projec #
#                            ts\zstack\HomeAutomation\SampleSwitch\CC2520DB\En #
#                            dDevice\List\SampleSwitch.map"                    #
#           Output file 1 =  "C:\Texas Instruments\ZStack-MSP2618-2.5.1\Projec #
#                            ts\zstack\HomeAutomation\SampleSwitch\CC2520DB\En #
#                            dDevice\Exe\SampleSwitch.d43"                     #
#                            Format: debug                                     #
#                            UBROF version 10.0.6                              #
#                            Using library modules for C-SPY (-rt)             #
#           Command line  =  -C                                                #
#                            "C:\Texas Instruments\ZStack-MSP2618-2.5.1\Projec #
#                            ts\zstack\HomeAutomation\SampleSwitch\CC2520DB\.. #
#                            \..\..\Libraries\MSP2618\bin\EndDevice2618-Pro.li #
#                            b"                                                #
#                            -C                                                #
#                            "C:\Texas Instruments\ZStack-MSP2618-2.5.1\Projec #
#                            ts\zstack\HomeAutomation\SampleSwitch\CC2520DB\.. #
#                            \..\..\Libraries\MSP2618\bin\Security2618.lib"    #
#                            -C                                                #
#                            "C:\Texas Instruments\ZStack-MSP2618-2.5.1\Projec #
#                            ts\zstack\HomeAutomation\SampleSwitch\CC2520DB\.. #
#                            \..\..\Libraries\TIMAC\bin\TIMAC-MSP2618.lib"     #
#                            "C:\Texas Instruments\ZStack-MSP2618-2.5.1\Projec #
#                            ts\zstack\HomeAutomation\SampleSwitch\CC2520DB\En #
#                            dDevice\Obj\AF.r43"                               #
#                            "C:\Texas Instruments\ZStack-MSP2618-2.5.1\Projec #
#                            ts\zstack\HomeAutomation\SampleSwitch\CC2520DB\En #
#                            dDevice\Obj\BindingTable.r43"                     #
#                            "C:\Texas Instruments\ZStack-MSP2618-2.5.1\Projec #
#                            ts\zstack\HomeAutomation\SampleSwitch\CC2520DB\En #
#                            dDevice\Obj\DCO_calibrate.r43"                    #
#                            "C:\Texas Instruments\ZStack-MSP2618-2.5.1\Projec #
#                            ts\zstack\HomeAutomation\SampleSwitch\CC2520DB\En #
#                            dDevice\Obj\DebugTrace.r43"                       #
#                            "C:\Texas Instruments\ZStack-MSP2618-2.5.1\Projec #
#                            ts\zstack\HomeAutomation\SampleSwitch\CC2520DB\En #
#                            dDevice\Obj\MSP430FlashUtil.r43"                  #
#                            "C:\Texas Instruments\ZStack-MSP2618-2.5.1\Projec #
#                            ts\zstack\HomeAutomation\SampleSwitch\CC2520DB\En #
#                            dDevice\Obj\MT.r43"                               #
#                            "C:\Texas Instruments\ZStack-MSP2618-2.5.1\Projec #
#                            ts\zstack\HomeAutomation\SampleSwitch\CC2520DB\En #
#                            dDevice\Obj\MT_AF.r43"                            #
#                            "C:\Texas Instruments\ZStack-MSP2618-2.5.1\Projec #
#                            ts\zstack\HomeAutomation\SampleSwitch\CC2520DB\En #
#                            dDevice\Obj\MT_APP.r43"                           #
#                            "C:\Texas Instruments\ZStack-MSP2618-2.5.1\Projec #
#                            ts\zstack\HomeAutomation\SampleSwitch\CC2520DB\En #
#                            dDevice\Obj\MT_DEBUG.r43"                         #
#                            "C:\Texas Instruments\ZStack-MSP2618-2.5.1\Projec #
#                            ts\zstack\HomeAutomation\SampleSwitch\CC2520DB\En #
#                            dDevice\Obj\MT_NWK.r43"                           #
#                            "C:\Texas Instruments\ZStack-MSP2618-2.5.1\Projec #
#                            ts\zstack\HomeAutomation\SampleSwitch\CC2520DB\En #
#                            dDevice\Obj\MT_SYS.r43"                           #
#                            "C:\Texas Instruments\ZStack-MSP2618-2.5.1\Projec #
#                            ts\zstack\HomeAutomation\SampleSwitch\CC2520DB\En #
#                            dDevice\Obj\MT_TASK.r43"                          #
#                            "C:\Texas Instruments\ZStack-MSP2618-2.5.1\Projec #
#                            ts\zstack\HomeAutomation\SampleSwitch\CC2520DB\En #
#                            dDevice\Obj\MT_UART.r43"                          #
#                            "C:\Texas Instruments\ZStack-MSP2618-2.5.1\Projec #
#                            ts\zstack\HomeAutomation\SampleSwitch\CC2520DB\En #
#                            dDevice\Obj\MT_UTIL.r43"                          #
#                            "C:\Texas Instruments\ZStack-MSP2618-2.5.1\Projec #
#                            ts\zstack\HomeAutomation\SampleSwitch\CC2520DB\En #
#                            dDevice\Obj\MT_VERSION.r43"                       #
#                            "C:\Texas Instruments\ZStack-MSP2618-2.5.1\Projec #
#                            ts\zstack\HomeAutomation\SampleSwitch\CC2520DB\En #
#                            dDevice\Obj\MT_ZDO.r43"                           #
#                            "C:\Texas Instruments\ZStack-MSP2618-2.5.1\Projec #
#                            ts\zstack\HomeAutomation\SampleSwitch\CC2520DB\En #
#                            dDevice\Obj\OSAL.r43"                             #
#                            "C:\Texas Instruments\ZStack-MSP2618-2.5.1\Projec #
#                            ts\zstack\HomeAutomation\SampleSwitch\CC2520DB\En #
#                            dDevice\Obj\OSAL_Clock.r43"                       #
#                            "C:\Texas Instruments\ZStack-MSP2618-2.5.1\Projec #
#                            ts\zstack\HomeAutomation\SampleSwitch\CC2520DB\En #
#                            dDevice\Obj\OSAL_Memory.r43"                      #
#                            "C:\Texas Instruments\ZStack-MSP2618-2.5.1\Projec #
#                            ts\zstack\HomeAutomation\SampleSwitch\CC2520DB\En #
#                            dDevice\Obj\OSAL_Nv.r43"                          #
#                            "C:\Texas Instruments\ZStack-MSP2618-2.5.1\Projec #
#                            ts\zstack\HomeAutomation\SampleSwitch\CC2520DB\En #
#                            dDevice\Obj\OSAL_PwrMgr.r43"                      #
#                            "C:\Texas Instruments\ZStack-MSP2618-2.5.1\Projec #
#                            ts\zstack\HomeAutomation\SampleSwitch\CC2520DB\En #
#                            dDevice\Obj\OSAL_SampleSw.r43"                    #
#                            "C:\Texas Instruments\ZStack-MSP2618-2.5.1\Projec #
#                            ts\zstack\HomeAutomation\SampleSwitch\CC2520DB\En #
#                            dDevice\Obj\OSAL_Timers.r43"                      #
#                            "C:\Texas Instruments\ZStack-MSP2618-2.5.1\Projec #
#                            ts\zstack\HomeAutomation\SampleSwitch\CC2520DB\En #
#                            dDevice\Obj\OnBoard.r43"                          #
#                            "C:\Texas Instruments\ZStack-MSP2618-2.5.1\Projec #
#                            ts\zstack\HomeAutomation\SampleSwitch\CC2520DB\En #
#                            dDevice\Obj\ZDApp.r43"                            #
#                            "C:\Texas Instruments\ZStack-MSP2618-2.5.1\Projec #
#                            ts\zstack\HomeAutomation\SampleSwitch\CC2520DB\En #
#                            dDevice\Obj\ZDConfig.r43"                         #
#                            "C:\Texas Instruments\ZStack-MSP2618-2.5.1\Projec #
#                            ts\zstack\HomeAutomation\SampleSwitch\CC2520DB\En #
#                            dDevice\Obj\ZDNwkMgr.r43"                         #
#                            "C:\Texas Instruments\ZStack-MSP2618-2.5.1\Projec #
#                            ts\zstack\HomeAutomation\SampleSwitch\CC2520DB\En #
#                            dDevice\Obj\ZDObject.r43"                         #
#                            "C:\Texas Instruments\ZStack-MSP2618-2.5.1\Projec #
#                            ts\zstack\HomeAutomation\SampleSwitch\CC2520DB\En #
#                            dDevice\Obj\ZDProfile.r43"                        #
#                            "C:\Texas Instruments\ZStack-MSP2618-2.5.1\Projec #
#                            ts\zstack\HomeAutomation\SampleSwitch\CC2520DB\En #
#                            dDevice\Obj\ZDSecMgr.r43"                         #
#                            "C:\Texas Instruments\ZStack-MSP2618-2.5.1\Projec #
#                            ts\zstack\HomeAutomation\SampleSwitch\CC2520DB\En #
#                            dDevice\Obj\ZGlobals.r43"                         #
#                            "C:\Texas Instruments\ZStack-MSP2618-2.5.1\Projec #
#                            ts\zstack\HomeAutomation\SampleSwitch\CC2520DB\En #
#                            dDevice\Obj\ZMain.r43"                            #
#                            "C:\Texas Instruments\ZStack-MSP2618-2.5.1\Projec #
#                            ts\zstack\HomeAutomation\SampleSwitch\CC2520DB\En #
#                            dDevice\Obj\hal_adc.r43"                          #
#                            "C:\Texas Instruments\ZStack-MSP2618-2.5.1\Projec #
#                            ts\zstack\HomeAutomation\SampleSwitch\CC2520DB\En #
#                            dDevice\Obj\hal_assert.r43"                       #
#                            "C:\Texas Instruments\ZStack-MSP2618-2.5.1\Projec #
#                            ts\zstack\HomeAutomation\SampleSwitch\CC2520DB\En #
#                            dDevice\Obj\hal_drivers.r43"                      #
#                            "C:\Texas Instruments\ZStack-MSP2618-2.5.1\Projec #
#                            ts\zstack\HomeAutomation\SampleSwitch\CC2520DB\En #
#                            dDevice\Obj\hal_key.r43"                          #
#                            "C:\Texas Instruments\ZStack-MSP2618-2.5.1\Projec #
#                            ts\zstack\HomeAutomation\SampleSwitch\CC2520DB\En #
#                            dDevice\Obj\hal_lcd.r43"                          #
#                            "C:\Texas Instruments\ZStack-MSP2618-2.5.1\Projec #
#                            ts\zstack\HomeAutomation\SampleSwitch\CC2520DB\En #
#                            dDevice\Obj\hal_led.r43"                          #
#                            "C:\Texas Instruments\ZStack-MSP2618-2.5.1\Projec #
#                            ts\zstack\HomeAutomation\SampleSwitch\CC2520DB\En #
#                            dDevice\Obj\hal_mac_cfg.r43"                      #
#                            "C:\Texas Instruments\ZStack-MSP2618-2.5.1\Projec #
#                            ts\zstack\HomeAutomation\SampleSwitch\CC2520DB\En #
#                            dDevice\Obj\hal_sleep.r43"                        #
#                            "C:\Texas Instruments\ZStack-MSP2618-2.5.1\Projec #
#                            ts\zstack\HomeAutomation\SampleSwitch\CC2520DB\En #
#                            dDevice\Obj\hal_startup.r43"                      #
#                            "C:\Texas Instruments\ZStack-MSP2618-2.5.1\Projec #
#                            ts\zstack\HomeAutomation\SampleSwitch\CC2520DB\En #
#                            dDevice\Obj\hal_timer.r43"                        #
#                            "C:\Texas Instruments\ZStack-MSP2618-2.5.1\Projec #
#                            ts\zstack\HomeAutomation\SampleSwitch\CC2520DB\En #
#                            dDevice\Obj\hal_uart.r43"                         #
#                            "C:\Texas Instruments\ZStack-MSP2618-2.5.1\Projec #
#                            ts\zstack\HomeAutomation\SampleSwitch\CC2520DB\En #
#                            dDevice\Obj\mac_autopend.r43"                     #
#                            "C:\Texas Instruments\ZStack-MSP2618-2.5.1\Projec #
#                            ts\zstack\HomeAutomation\SampleSwitch\CC2520DB\En #
#                            dDevice\Obj\mac_backoff_timer.r43"                #
#                            "C:\Texas Instruments\ZStack-MSP2618-2.5.1\Projec #
#                            ts\zstack\HomeAutomation\SampleSwitch\CC2520DB\En #
#                            dDevice\Obj\mac_cfg.r43"                          #
#                            "C:\Texas Instruments\ZStack-MSP2618-2.5.1\Projec #
#                            ts\zstack\HomeAutomation\SampleSwitch\CC2520DB\En #
#                            dDevice\Obj\mac_dualchip.r43"                     #
#                            "C:\Texas Instruments\ZStack-MSP2618-2.5.1\Projec #
#                            ts\zstack\HomeAutomation\SampleSwitch\CC2520DB\En #
#                            dDevice\Obj\mac_dualchip_tx.r43"                  #
#                            "C:\Texas Instruments\ZStack-MSP2618-2.5.1\Projec #
#                            ts\zstack\HomeAutomation\SampleSwitch\CC2520DB\En #
#                            dDevice\Obj\mac_low_level.r43"                    #
#                            "C:\Texas Instruments\ZStack-MSP2618-2.5.1\Projec #
#                            ts\zstack\HomeAutomation\SampleSwitch\CC2520DB\En #
#                            dDevice\Obj\mac_mcu_timer.r43"                    #
#                            "C:\Texas Instruments\ZStack-MSP2618-2.5.1\Projec #
#                            ts\zstack\HomeAutomation\SampleSwitch\CC2520DB\En #
#                            dDevice\Obj\mac_pib.r43"                          #
#                            "C:\Texas Instruments\ZStack-MSP2618-2.5.1\Projec #
#                            ts\zstack\HomeAutomation\SampleSwitch\CC2520DB\En #
#                            dDevice\Obj\mac_radio.r43"                        #
#                            "C:\Texas Instruments\ZStack-MSP2618-2.5.1\Projec #
#                            ts\zstack\HomeAutomation\SampleSwitch\CC2520DB\En #
#                            dDevice\Obj\mac_radio_defs.r43"                   #
#                            "C:\Texas Instruments\ZStack-MSP2618-2.5.1\Projec #
#                            ts\zstack\HomeAutomation\SampleSwitch\CC2520DB\En #
#                            dDevice\Obj\mac_rx.r43"                           #
#                            "C:\Texas Instruments\ZStack-MSP2618-2.5.1\Projec #
#                            ts\zstack\HomeAutomation\SampleSwitch\CC2520DB\En #
#                            dDevice\Obj\mac_rx_onoff.r43"                     #
#                            "C:\Texas Instruments\ZStack-MSP2618-2.5.1\Projec #
#                            ts\zstack\HomeAutomation\SampleSwitch\CC2520DB\En #
#                            dDevice\Obj\mac_sleep.r43"                        #
#                            "C:\Texas Instruments\ZStack-MSP2618-2.5.1\Projec #
#                            ts\zstack\HomeAutomation\SampleSwitch\CC2520DB\En #
#                            dDevice\Obj\mac_spi.r43"                          #
#                            "C:\Texas Instruments\ZStack-MSP2618-2.5.1\Projec #
#                            ts\zstack\HomeAutomation\SampleSwitch\CC2520DB\En #
#                            dDevice\Obj\mac_tx.r43"                           #
#                            "C:\Texas Instruments\ZStack-MSP2618-2.5.1\Projec #
#                            ts\zstack\HomeAutomation\SampleSwitch\CC2520DB\En #
#                            dDevice\Obj\nwk_globals.r43"                      #
#                            "C:\Texas Instruments\ZStack-MSP2618-2.5.1\Projec #
#                            ts\zstack\HomeAutomation\SampleSwitch\CC2520DB\En #
#                            dDevice\Obj\saddr.r43"                            #
#                            "C:\Texas Instruments\ZStack-MSP2618-2.5.1\Projec #
#                            ts\zstack\HomeAutomation\SampleSwitch\CC2520DB\En #
#                            dDevice\Obj\stub_aps.r43"                         #
#                            "C:\Texas Instruments\ZStack-MSP2618-2.5.1\Projec #
#                            ts\zstack\HomeAutomation\SampleSwitch\CC2520DB\En #
#                            dDevice\Obj\zcl.r43"                              #
#                            "C:\Texas Instruments\ZStack-MSP2618-2.5.1\Projec #
#                            ts\zstack\HomeAutomation\SampleSwitch\CC2520DB\En #
#                            dDevice\Obj\zcl_general.r43"                      #
#                            "C:\Texas Instruments\ZStack-MSP2618-2.5.1\Projec #
#                            ts\zstack\HomeAutomation\SampleSwitch\CC2520DB\En #
#                            dDevice\Obj\zcl_ha.r43"                           #
#                            "C:\Texas Instruments\ZStack-MSP2618-2.5.1\Projec #
#                            ts\zstack\HomeAutomation\SampleSwitch\CC2520DB\En #
#                            dDevice\Obj\zcl_samplesw.r43"                     #
#                            "C:\Texas Instruments\ZStack-MSP2618-2.5.1\Projec #
#                            ts\zstack\HomeAutomation\SampleSwitch\CC2520DB\En #
#                            dDevice\Obj\zcl_samplesw_data.r43"                #
#                            "C:\Texas Instruments\ZStack-MSP2618-2.5.1\Projec #
#                            ts\zstack\HomeAutomation\SampleSwitch\CC2520DB\En #
#                            dDevice\Obj\zmac.r43"                             #
#                            "C:\Texas Instruments\ZStack-MSP2618-2.5.1\Projec #
#                            ts\zstack\HomeAutomation\SampleSwitch\CC2520DB\En #
#                            dDevice\Obj\zmac_cb.r43"                          #
#                            -o                                                #
#                            "C:\Texas Instruments\ZStack-MSP2618-2.5.1\Projec #
#                            ts\zstack\HomeAutomation\SampleSwitch\CC2520DB\En #
#                            dDevice\Exe\SampleSwitch.d43"                     #
#                            -l                                                #
#                            "C:\Texas Instruments\ZStack-MSP2618-2.5.1\Projec #
#                            ts\zstack\HomeAutomation\SampleSwitch\CC2520DB\En #
#                            dDevice\List\SampleSwitch.map"                    #
#                            -xmsn                                             #
#                            "-IC:\Program Files (x86)\IAR Systems\Embedded Wo #
#                            rkbench 6.5\430\LIB\"                             #
#                            -f                                                #
#                            "C:\Texas Instruments\ZStack-MSP2618-2.5.1\Projec #
#                            ts\zstack\HomeAutomation\SampleSwitch\CC2520DB\.. #
#                            \..\..\Tools\MSP2618\MSP430F2618.xcl"             #
#                            (-D_LO_ROM_BEG=0x3100 -D_LO_ROM_END=0xFFBD        #
#                            -D_HI_ROM_BEG=0x10000 -D_HI_ROM_END=0x1FFFF       #
#                            -D_ZIGNV_BEG=0xE200 -D_ZIGNV_END=0xF9FF           #
#                            -cmsp430                                          #
#                            -Z(DATA)DATA16_I,DATA16_Z,DATA16_N,DATA16_HEAP+_D #
#                            ATA16_HEAP_SIZE=1100-30FF                         #
#                            -Z(DATA)CSTACK+_STACK_SIZE#                       #
#                            -Z(CODE)INFO=1000-10FF -Z(CODE)INFOA=10C0-10FF    #
#                            -Z(CODE)INFOB=1080-10BF -Z(CODE)INFOC=1040-107F   #
#                            -Z(CODE)INFOD=1000-103F                           #
#                            -Z(CODE)CSTART,ISR_CODE=_LO_ROM_BEG-_LO_ROM_END   #
#                            -Z(CODE)ZIGNV_ADDRESS_SPACE=_ZIGNV_BEG-_ZIGNV_END #
#                            -Z(CODE)INTVEC=FFC0-FFFF                          #
#                            -Z(CODE)RESET=FFFE-FFFF                           #
#                            -Z(CONST)DATA16_C,DATA16_ID,DIFUNCT=_LO_ROM_BEG-_ #
#                            LO_ROM_END                                        #
#                            -Z(CONST)DATA20_C,DATA20_ID=_LO_ROM_BEG-_LO_ROM_E #
#                            ND                                                #
#                            -P(CODE)CODE=_LO_ROM_BEG-_LO_ROM_END,_HI_ROM_BEG- #
#                            _HI_ROM_END)                                      #
#                            -f                                                #
#                            "C:\Program Files (x86)\IAR Systems\Embedded Work #
#                            bench 6.5\430\config\multiplier.xcl"              #
#                            (-e?Mul8Hw=?Mul8 -e?Mul16Hw=?Mul16                #
#                            -e?Mul16to32uHw=?Mul16to32u                       #
#                            -e?Mul16to32sHw=?Mul16to32s -e?Mul32Hw=?Mul32     #
#                            -e_Mul64iHw=_Mul64i                               #
#                            -e_Mul32u32uto64iHw=_Mul32u32uto64i               #
#                            -e?Mul32fHw=_Mul32f -e_Mul64fHwPtr=_Mul64fPtr)    #
#                            -D_STACK_SIZE=200 -rt                             #
#                            "C:\Program Files (x86)\IAR Systems\Embedded Work #
#                            bench 6.5\430\LIB\CLIB\cl430xsf.r43"              #
#                            -e_small_write=_formatted_write                   #
#                            -e_medium_read=_formatted_read                    #
#                            -D_DATA16_HEAP_SIZE=0 -s __program_start          #
#                            -D_DATA20_HEAP_SIZE=50                            #
#                                                                              #
#                           Copyright (C) 1987-2013 IAR Systems AB.            #
################################################################################





                ****************************************
                *                                      *
                *           CROSS REFERENCE            *
                *                                      *
                ****************************************

       Program entry at :           3100  Relocatable, from module : ?cstart




                ****************************************
                *                                      *
                *            RUNTIME MODEL             *
                *                                      *
                ****************************************

  __SystemLibrary = CLib
  __core          = 430X
  __data_model    = small
  __double_size   = 32
  __pic           = no
  __reg_r4        = free
  __reg_r5        = free
  __rt_version    = 3

                ****************************************
                *                                      *
                *    AUTOMATIC SYMBOL REDIRECTIONS     *
                *                                      *
                ****************************************

                  There are no automatic symbol redirections.



                ****************************************
                *                                      *
                *              MODULE MAP              *
                *                                      *
                ****************************************


  DEFINED ABSOLUTE ENTRIES
    *************************************************************************

  DEFINED ABSOLUTE ENTRIES
  PROGRAM MODULE, NAME : ?ABS_ENTRY_MOD

Absolute parts
           ENTRY                   ADDRESS         REF BY
           =====                   =======         ======
           _DATA20_HEAP_SIZE       0050 
           _DATA16_HEAP_SIZE       0000 
           _STACK_SIZE             0200 
           _ZIGNV_END              F9FF 
           _ZIGNV_BEG              E200 
           _HI_ROM_END             0001FFFF 
           _HI_ROM_BEG             00010000 
           _LO_ROM_END             FFBD 
           _LO_ROM_BEG             3100 
    *************************************************************************

  FILE NAME : C:\Texas Instruments\ZStack-MSP2618-2.5.1\Projects\zstack\Libraries\MSP2618\bin\EndDevice2618-Pro.lib
  LIBRARY MODULE, NAME : APS

  SEGMENTS IN THE MODULE
  ======================
DATA16_Z
  Relative segment, address: 1998 - 1998 (0x1 bytes), align: 0
  Segment part 5.             Intra module refs:   APSDE_DataIndication
                                                   APS_CmdInd
                                                   APS_EndDeviceBroadcastCheck
                                                   APS_Init
                                                   APS_event_loop
                                                   Segment part 722
                                                   Segment part 840
                                                   Segment part 843
           ENTRY                   ADDRESS         REF BY
           =====                   =======         ======
           APS_TaskID              1998 
    -------------------------------------------------------------------------
DATA16_Z
  Relative segment, address: 1999 - 1999 (0x1 bytes), align: 0
  Segment part 6.             Intra module refs:   APSDE_FrameHdrSet
                                                   APSF_SendFragmented
                                                   APS_Init
           ENTRY                   ADDRESS         REF BY
           =====                   =======         ======
           APS_Counter             1999 
    -------------------------------------------------------------------------
DATA16_Z
  Relative segment, address: 199A - 19A1 (0x8 bytes), align: 0
  Segment part 7.             Intra module refs:   APS_Init
           ENTRY                   ADDRESS         REF BY
           =====                   =======         ======
           AIB_apsUseExtendedPANID
                                   199A            ZDAppDetermineDeviceType (ZDApp)
                                                   ZDO_Init (ZDObject)
    -------------------------------------------------------------------------
DATA16_Z
  Relative segment, address: 19A2 - 19A2 (0x1 bytes), align: 0
  Segment part 8.             Intra module refs:   APS_Init
           ENTRY                   ADDRESS         REF BY
           =====                   =======         ======
           AIB_apsUseInsecureJoin
                                   19A2            ZDApp_ProcessNetworkJoin (ZDApp)
    -------------------------------------------------------------------------
DATA16_Z
  Relative segment, address: 1226 - 1229 (0x4 bytes), align: 1
  Segment part 9.             Intra module refs:   APSME_UnBindRequest
                                                   APS_ReflectorInit
           ENTRY                   ADDRESS         REF BY
           =====                   =======         ======
           pAPS_UnBind             1226 
    -------------------------------------------------------------------------
DATA16_Z
  Relative segment, address: 122A - 122D (0x4 bytes), align: 1
  Segment part 10.            Intra module refs:   APS_ReflectorInit
           ENTRY                   ADDRESS         REF BY
           =====                   =======         ======
           pAPS_GetBind            122A 
    -------------------------------------------------------------------------
DATA16_Z
  Relative segment, address: 122E - 1231 (0x4 bytes), align: 1
  Segment part 11.            Intra module refs:   APS_ReflectorInit
                                                   NLDE_DataCnf
           ENTRY                   ADDRESS         REF BY
           =====                   =======         ======
           pAPS_DataConfirmReflect
                                   122E 
    -------------------------------------------------------------------------
DATA16_Z
  Relative segment, address: 1232 - 1235 (0x4 bytes), align: 1
  Segment part 12.            Intra module refs:   APS_ReflectorInit
                                                   NLDE_DataIndication
           ENTRY                   ADDRESS         REF BY
           =====                   =======         ======
           pAPS_DataIndReflect     1232 
    -------------------------------------------------------------------------
DATA16_Z
  Relative segment, address: 1236 - 1239 (0x4 bytes), align: 1
  Segment part 14.            Intra module refs:   APSF_Init
           ENTRY                   ADDRESS         REF BY
           =====                   =======         ======
           apsfSendFragmented      1236            AF_DataRequest (AF)
    -------------------------------------------------------------------------
DATA16_Z
  Relative segment, address: 123A - 123D (0x4 bytes), align: 1
  Segment part 15.            Intra module refs:   APSF_Init
                                                   apsProcessAck
           ENTRY                   ADDRESS         REF BY
           =====                   =======         ======
           apsfProcessAck          123A 
    -------------------------------------------------------------------------
DATA16_Z
  Relative segment, address: 123E - 1241 (0x4 bytes), align: 1
  Segment part 16.            Intra module refs:   APSDE_DataIndication
                                                   APSF_Init
           ENTRY                   ADDRESS         REF BY
           =====                   =======         ======
           apsfSendOsalMsg         123E 
    -------------------------------------------------------------------------
DATA16_I
  Relative segment, address: 11F2 - 11F2 (0x1 bytes), align: 0
  Segment part 17.            Intra module refs:   APSDE_DataReq
                                                   APSME_HoldDataRequests
                                                   APS_event_loop
           ENTRY                   ADDRESS         REF BY
           =====                   =======         ======
           APS_AllowDataRequests   11F2 
    -------------------------------------------------------------------------
DATA16_I
  Relative segment, address: 11F3 - 11F3 (0x1 bytes), align: 0
  Segment part 19.            Intra module refs:   APS_ReflectorInit
           ENTRY                   ADDRESS         REF BY
           =====                   =======         ======
           APS_ReflectorType       11F3 
    -------------------------------------------------------------------------
<CODE> 3 (was CODE)
  Relative segment, address: 00013A20 - 00013A5F (0x40 bytes), align: 1
  Segment part 853.
           ENTRY                   ADDRESS         REF BY
           =====                   =======         ======
           APS_ReflectorInit       00013A20        ZDO_Init (ZDObject)
               calls direct
               CSTACK = 00000000 ( 00000006 )
    -------------------------------------------------------------------------
<CODE> 3 (was CODE)
  Relative segment, address: 00014C5A - 00014C77 (0x1e bytes), align: 1
  Segment part 852.
           ENTRY                   ADDRESS         REF BY
           =====                   =======         ======
           APS_Init                00014C5A        osalInitTasks (OSAL_SampleSw)
               calls direct
               CSTACK = 00000000 ( 00000004 )
    -------------------------------------------------------------------------
<CODE> 3 (was CODE)
  Relative segment, address: 000124C2 - 00012543 (0x82 bytes), align: 1
  Segment part 851.
           ENTRY                   ADDRESS         REF BY
           =====                   =======         ======
           APS_event_loop          000124C2        tasksArr (OSAL_SampleSw)
               calls direct
               CSTACK = 00000000 ( 00000010 )
    -------------------------------------------------------------------------
DATA16_Z
  Relative segment, address: 1242 - 1245 (0x4 bytes), align: 1
  Segment part 22.            Intra module refs:   APSME_FrameSecInit
                                                   APSME_FrameSecNM
           ENTRY                   ADDRESS         REF BY
           =====                   =======         ======
           APSME_FrameSecSetupHook
                                   1242 
    -------------------------------------------------------------------------
DATA16_Z
  Relative segment, address: 1246 - 1249 (0x4 bytes), align: 1
  Segment part 23.            Intra module refs:   APSME_FrameSecNM
                                                   Segment part 738
           ENTRY                   ADDRESS         REF BY
           =====                   =======         ======
           APSME_FrameSecApplyHook
                                   1246 
    -------------------------------------------------------------------------
DATA16_Z
  Relative segment, address: 124A - 124D (0x4 bytes), align: 1
  Segment part 24.            Intra module refs:   APSME_FrameSecNM
           ENTRY                   ADDRESS         REF BY
           =====                   =======         ======
           APSME_FrameSecApplyExtHook
                                   124A 
    -------------------------------------------------------------------------
DATA16_Z
  Relative segment, address: 124E - 1251 (0x4 bytes), align: 1
  Segment part 25.            Intra module refs:   APSME_FrameSecNM
                                                   APSME_FrameSecurityRemove
           ENTRY                   ADDRESS         REF BY
           =====                   =======         ======
           APSME_FrameSecRemoveHook
                                   124E 
    -------------------------------------------------------------------------
DATA16_Z
  Relative segment, address: 1252 - 1255 (0x4 bytes), align: 1
  Segment part 26.            Intra module refs:   APSME_CmdPkt
                                                   APSME_SecurityNM
           ENTRY                   ADDRESS         REF BY
           =====                   =======         ======
           APSME_CmdPktHook        1252 
    -------------------------------------------------------------------------
DATA16_Z
  Relative segment, address: 1256 - 1259 (0x4 bytes), align: 1
  Segment part 27.            Intra module refs:   APSDE_DataReq
    -------------------------------------------------------------------------
DATA16_Z
  Relative segment, address: 125A - 125B (0x2 bytes), align: 1
  Segment part 28.            Intra module refs:   AddrMgrEntryAdd
                                                   AddrMgrEntryLookupExt
                                                   AddrMgrEntryLookupNwk
                                                   AddrMgrEntryValidate
                                                   AddrMgrInit
           ENTRY                   ADDRESS         REF BY
           =====                   =======         ======
           AddrMgrEntryTotal       125A 
    -------------------------------------------------------------------------
DATA16_Z
  Relative segment, address: 125C - 125D (0x2 bytes), align: 1
  Segment part 29.            Intra module refs:   AddrMgrEntryGet
                                                   AddrMgrEntryLookupExt
                                                   AddrMgrEntrySet
                                                   AddrMgrEntryValidate
                                                   AddrMgrInit
                                                   Segment part 420
                                                   Segment part 444
           ENTRY                   ADDRESS         REF BY
           =====                   =======         ======
           AddrMgrEntryData        125C 
    -------------------------------------------------------------------------
DATA16_Z
  Relative segment, address: 125E - 125F (0x2 bytes), align: 1
  Segment part 35.            Intra module refs:   NLME_NwkDiscReq2
                                                   NLME_NwkDiscTerm
                                                   nwkScanPanIDs
                                                   nwk_beacon_notify_ind_processing
                                                   nwk_init
                                                   nwk_scan_cnf_processing
           ENTRY                   ADDRESS         REF BY
           =====                   =======         ======
           NLME_ScanFields         125E 
    -------------------------------------------------------------------------
DATA16_Z
  Relative segment, address: 1260 - 1261 (0x2 bytes), align: 1
  Segment part 36.            Intra module refs:   NLME_ReJoinReq
                                                   NLME_RejoinRspCmdProcess
                                                   nwk_event_loop
           ENTRY                   ADDRESS         REF BY
           =====                   =======         ======
           savedResponseRate       1260 
    -------------------------------------------------------------------------
DATA16_Z
  Relative segment, address: 1262 - 1265 (0x4 bytes), align: 1
  Segment part 37.            Intra module refs:   nwk_scan_cnf_processing
           ENTRY                   ADDRESS         REF BY
           =====                   =======         ======
           pnwk_ScanPANChanSelect
                                   1262 
    -------------------------------------------------------------------------
DATA16_Z
  Relative segment, address: 1266 - 1269 (0x4 bytes), align: 1
  Segment part 38.            Intra module refs:   nwk_scan_cnf_processing
           ENTRY                   ADDRESS         REF BY
           =====                   =======         ======
           pnwk_ScanPANChanVerify
                                   1266 
    -------------------------------------------------------------------------
DATA16_Z
  Relative segment, address: 126A - 126D (0x4 bytes), align: 1
  Segment part 39.            Intra module refs:   NLME_DeviceJoiningInit
                                                   nwk_scan_cnf_processing
           ENTRY                   ADDRESS         REF BY
           =====                   =======         ======
           pnwk_ScanJoiningOrphan
                                   126A 
    -------------------------------------------------------------------------
DATA16_I
  Relative segment, address: 11F4 - 11F4 (0x1 bytes), align: 0
  Segment part 41.            Intra module refs:   APSF_Init
                                                   APSF_ProcessEvent
                                                   APSF_Schedule
                                                   APSF_SendOsalMsg
                                                   Segment part 627
           ENTRY                   ADDRESS         REF BY
           =====                   =======         ======
           APSF_taskID             11F4 
    -------------------------------------------------------------------------
DATA16_Z
  Relative segment, address: 126E - 126F (0x2 bytes), align: 1
  Segment part 43.            Intra module refs:   APSF_AddObj
                                                   APSF_FindObj
                                                   APSF_FreeObj
                                                   APSF_Schedule
    -------------------------------------------------------------------------
DATA16_Z
  Relative segment, address: 1270 - 1273 (0x4 bytes), align: 1
  Segment part 44.            Intra module refs:   APSF_IncomingData
                                                   APSF_TxNextFrame
           ENTRY                   ADDRESS         REF BY
           =====                   =======         ======
           pAPSF_IgnoreBlock       1270 
    -------------------------------------------------------------------------
DATA16_Z
  Relative segment, address: 1274 - 1275 (0x2 bytes), align: 1
  Segment part 45.            Intra module refs:   aps_FindGroup
                                                   aps_FindGroupForEndpoint
           ENTRY                   ADDRESS         REF BY
           =====                   =======         ======
           apsGroupTable           1274 
    -------------------------------------------------------------------------
DATA16_Z
  Relative segment, address: 1276 - 12E9 (0x74 bytes), align: 1
  Segment part 46.            Intra module refs:   APSDE_DataReq
                                                   APSDE_DataReqMTU
                                                   APSF_AllocRxObj
                                                   APSME_FrameSecInit
                                                   APSME_HoldDataRequests
                                                   APSME_LookupNwkAddr
                                                   APS_DataIndReflect
                                                   APS_Reflect
                                                   NLDE_BuildFrameControl
                                                   NLDE_CheckFrameSecurity
                                                   NLDE_DataIndication
                                                   NLDE_DataReq
                                                   NLDE_DataReqAlloc
                                                   NLDE_DataReqSend
                                                   NLME_CheckNewAddrSet
                                                   NLME_CmdDataReqAlloc
                                                   NLME_GetShortAddr
                                                   NLME_JoinRequest
                                                   NLME_NetworkDiscoveryRequest
                                                   NLME_OrphanJoinRequest
                                                   NLME_ReJoinReq
                                                   NLME_RejoinRspCmdProcess
                                                   NLME_RouteDiscoveryRequest
                                                   RTG_AddRtgEntry
                                                   RTG_CheckRtStatus
                                                   RTG_GetRoutingAddress
                                                   RTG_SendRErr
                                                   RTG_UpdateNeighborEntry
                                                   RTG_UpdateRtDiscEntry
                                                   RTG_ValidateSrcRtg
                                                   Segment part 246
                                                   Segment part 319
                                                   Segment part 390
                                                   Segment part 464
                                                   Segment part 494
                                                   Segment part 556
                                                   Segment part 564
                                                   Segment part 592
                                                   Segment part 593
                                                   Segment part 620
                                                   Segment part 649
                                                   Segment part 650
                                                   Segment part 663
                                                   Segment part 664
                                                   nwkChangePanID
                                                   nwkDB_AddIndirectEntry
                                                   nwkFrameHdrValid
                                                   nwkNeighborAdd
                                                   nwkProcessPanIdScan
                                                   nwkScanPanIDs
                                                   nwk_MacDataBuffersAdd
                                                   nwk_MacDataBuffersDealloc
                                                   nwk_ScanJoiningOrphan
                                                   nwk_associate_cnf_processing
                                                   nwk_beacon_notify_ind_processing
                                                   nwk_data_ind_processing
                                                   nwk_indSendError
                                                   nwk_init
                                                   nwk_process_dstAddr
                                                   nwk_scan_cnf_processing
                                                   nwk_set_poll_evt
           ENTRY                   ADDRESS         REF BY
           =====                   =======         ======
           _NIB                    1276            ?Subroutine15 (ZDApp)
                                                   MAC_CbackEvent (zmac_cb)
                                                   NIB_init (nwk_globals)
                                                   ZDApp_LeaveUpdate (ZDApp)
                                                   ZDApp_NwkDescListProcessing (ZDApp)
                                                   ZDApp_ProcessNetworkJoin (ZDApp)
                                                   ZDApp_ProcessOSALMsg (ZDApp)
                                                   ZDOInitDevice (ZDApp)
                                                   ZDO_JoinConfirmCB (ZDApp)
                                                   ZDO_beaconNotifyIndCB (ZDApp)
                                                   bindAddrMgrLocalLoad (BindingTable)
    -------------------------------------------------------------------------
DATA16_Z
  Relative segment, address: 19A3 - 19A3 (0x1 bytes), align: 0
  Segment part 47.            Intra module refs:   NLME_SetPollRate
                                                   RTG_MTORouteReq
                                                   Segment part 232
                                                   Segment part 256
                                                   Segment part 258
                                                   Segment part 264
                                                   Segment part 473
                                                   Segment part 589
                                                   Segment part 594
                                                   nwkBuildDataCnf
                                                   nwk_broadcastReceive
                                                   nwk_broadcastSend
                                                   nwk_init
                                                   nwk_sys_event_processing
           ENTRY                   ADDRESS         REF BY
           =====                   =======         ======
           NWK_TaskID              19A3            MAC_CbackEvent (zmac_cb)
                                                   ZDApp_event_loop (ZDApp)
    -------------------------------------------------------------------------
DATA16_Z
  Relative segment, address: 12EA - 12EB (0x2 bytes), align: 1
  Segment part 48.            Intra module refs:   nwk_desc_list_free
                                                   nwk_getNetworkDesc
                                                   nwk_getNwkDescList
                                                   nwk_init
           ENTRY                   ADDRESS         REF BY
           =====                   =======         ======
           NwkDescList             12EA            ZDO_beaconNotifyIndCB (ZDApp)
    -------------------------------------------------------------------------
DATA16_Z
  Relative segment, address: 19A4 - 19A4 (0x1 bytes), align: 0
  Segment part 52.            Intra module refs:   RTG_MTORouteReq
           ENTRY                   ADDRESS         REF BY
           =====                   =======         ======
           nwkSendMTOReq           19A4 
    -------------------------------------------------------------------------
DATA16_Z
  Relative segment, address: 19A5 - 19A5 (0x1 bytes), align: 0
  Segment part 53.            Intra module refs:   nwk_SendNextDataBuf
    -------------------------------------------------------------------------
DATA16_C
  Relative segment, address: 353E - 3545 (0x8 bytes), align: 0
  Segment part 2.             Intra module refs:   nwk_getNetworkDesc
    -------------------------------------------------------------------------
DATA16_C
  Relative segment, address: 32D4 - 32FD (0x2a bytes), align: 1
  Segment part 54.            Intra module refs:   nwk_sys_event_processing
           ENTRY                   ADDRESS         REF BY
           =====                   =======         ======
           nwkMsgProcs             32D4 
    -------------------------------------------------------------------------
DATA16_Z
  Relative segment, address: 12EC - 12ED (0x2 bytes), align: 1
  Segment part 55.            Intra module refs:   nwkDB_Add
                                                   nwkDB_CountTypes
                                                   nwkDB_FindHandle
                                                   nwkDB_FindMatch
                                                   nwkDB_FindNextIndirectHold
                                                   nwkDB_FindNextType
                                                   nwkDB_RemoveFromList
                                                   nwk_init
           ENTRY                   ADDRESS         REF BY
           =====                   =======         ======
           nwkDataBufQueue         12EC 
    -------------------------------------------------------------------------
DATA16_Z
  Relative segment, address: 12EE - 12EF (0x2 bytes), align: 1
  Segment part 56.            Intra module refs:   nwk_broadcastReceive
                                                   nwk_broadcastSend
    -------------------------------------------------------------------------
DATA16_Z
  Relative segment, address: 19A6 - 19A6 (0x1 bytes), align: 0
  Segment part 57.            Intra module refs:   NLME_IsAddressBroadcast
                                                   NLME_SetBroadcastFilter
    -------------------------------------------------------------------------
DATA16_Z
  Relative segment, address: 12F0 - 12F1 (0x2 bytes), align: 1
  Segment part 58.            Intra module refs:   nwkAddPanId
                                                   nwkFreePanIdList
                                                   nwkProcessPanIdScan
    -------------------------------------------------------------------------
DATA16_Z
  Relative segment, address: 12F2 - 12FD (0xc bytes), align: 1
  Segment part 59.            Intra module refs:   nwkNeighborInitTable
    -------------------------------------------------------------------------
DATA16_Z
  Relative segment, address: 19A7 - 19AE (0x8 bytes), align: 0
  Segment part 60.            Intra module refs:   NLME_GetExtAddr
           ENTRY                   ADDRESS         REF BY
           =====                   =======         ======
           saveExtAddr             19A7            ZDP_NwkAddrReq (ZDProfile)
                                                   zdpProcessAddrReq (ZDProfile)
    -------------------------------------------------------------------------
DATA16_Z
  Relative segment, address: 19AF - 19AF (0x1 bytes), align: 0
  Segment part 61.            Intra module refs:   NLDE_GetHandle
           ENTRY                   ADDRESS         REF BY
           =====                   =======         ======
           nsduHandleCounter       19AF 
    -------------------------------------------------------------------------
DATA16_Z
  Relative segment, address: 12FE - 12FF (0x2 bytes), align: 1
  Segment part 67.            Intra module refs:   nwkChangePanID
           ENTRY                   ADDRESS         REF BY
           =====                   =======         ======
           nwkNewPanId             12FE 
    -------------------------------------------------------------------------
DATA16_Z
  Relative segment, address: 1300 - 1303 (0x4 bytes), align: 1
  Segment part 69.            Intra module refs:   Segment part 312
           ENTRY                   ADDRESS         REF BY
           =====                   =======         ======
           pNLME_UpdateLinkStatus
                                   1300 
    -------------------------------------------------------------------------
DATA16_Z
  Relative segment, address: 1304 - 1307 (0x4 bytes), align: 1
  Segment part 71.            Intra module refs:   nwk_scan_cnf_processing
           ENTRY                   ADDRESS         REF BY
           =====                   =======         ======
           pNwkFreqAgilityScanCfg
                                   1304 
    -------------------------------------------------------------------------
DATA16_Z
  Relative segment, address: 19B0 - 19B0 (0x1 bytes), align: 0
  Segment part 74.            Intra module refs:   RTG_UpdateNeighborEntry
    -------------------------------------------------------------------------
DATA16_Z
  Relative segment, address: 1308 - 1309 (0x2 bytes), align: 1
  Segment part 75.            Intra module refs:   reflectTrack_AddNewEntry
                                                   reflectTrack_AddToEnd
                                                   reflectTrack_FindHandle
                                                   reflectTrack_NumEntries
                                                   reflectTrack_RemoveEntry
    -------------------------------------------------------------------------
DATA16_I
  Relative segment, address: 11F5 - 11F5 (0x1 bytes), align: 0
  Segment part 76.            Intra module refs:   reflectTrack_AddNewEntry
    -------------------------------------------------------------------------
DATA16_Z
  Relative segment, address: 19B1 - 19B1 (0x1 bytes), align: 0
  Segment part 78.            Intra module refs:   reflectTrack_AddNewEntry
    -------------------------------------------------------------------------
DATA16_I
  Relative segment, address: 11F6 - 11F6 (0x1 bytes), align: 0
  Segment part 79.            Intra module refs:   reflectTracking_GetMaxSimultaneousAdjusted
    -------------------------------------------------------------------------
DATA16_I
  Relative segment, address: 11F7 - 11F7 (0x1 bytes), align: 0
  Segment part 81.            Intra module refs:   reflectTracking_GetMaxIndirectAdjusted
    -------------------------------------------------------------------------
DATA16_Z
  Relative segment, address: 19B2 - 19B2 (0x1 bytes), align: 0
  Segment part 83.            Intra module refs:   NLME_RouteDiscoveryRequest
           ENTRY                   ADDRESS         REF BY
           =====                   =======         ======
           rreqCounter             19B2 
    -------------------------------------------------------------------------
DATA16_Z
  Relative segment, address: 130A - 130D (0x4 bytes), align: 1
  Segment part 93.            Intra module refs:   SSP_NwkSecurity
    -------------------------------------------------------------------------
DATA16_Z
  Relative segment, address: 130E - 1311 (0x4 bytes), align: 1
  Segment part 94.            Intra module refs:   SSP_GetMicLen
    -------------------------------------------------------------------------
<CODE> 1 (was CODE)
  Relative segment, address: 3A3E - 3A51 (0x14 bytes), align: 1
  Segment part 110.           Intra module refs:   APSDE_DataReqMTU
                                                   Segment part 390
           ENTRY                   ADDRESS         REF BY
           =====                   =======         ======
           SSP_GetMicLen           3A3E 
               calls indirect
               CSTACK = 00000000 ( 00000004 )
    -------------------------------------------------------------------------
<CODE> 1 (was CODE)
  Relative segment, address: 3A52 - 3A6B (0x1a bytes), align: 1
  Segment part 111.           Intra module refs:   nwkApplyNwkSec
                                                   nwk_data_ind_processing
           ENTRY                   ADDRESS         REF BY
           =====                   =======         ======
           SSP_NwkSecurity         3A52 
               calls indirect
               CSTACK = 00000000 ( 00000006 )
    -------------------------------------------------------------------------
<CODE> 1 (was CODE)
  Relative segment, address: 3A6C - 3A7D (0x12 bytes), align: 1
  Segment part 117.           Intra module refs:   NLME_SendNetworkReport
                                                   Segment part 305
                                                   Segment part 470
                                                   Segment part 781
           ENTRY                   ADDRESS         REF BY
           =====                   =======         ======
           NLME_GetExtAddr         3A6C            ZDApp_AnnounceNewAddress (ZDApp)
                                                   ZDApp_Init (ZDApp)
                                                   ZDO_LeaveCnf (ZDApp)
                                                   ZDO_ProcessBindUnbindReq (ZDObject)
                                                   ZDO_UpdateNwkStatus (ZDObject)
                                                   ZDP_EndDeviceBindReq (ZDProfile)
                                                   bindAddrMgrLocalLoad (BindingTable)
               calls direct
               CSTACK = 00000000 ( 00000004 )
    -------------------------------------------------------------------------
<CODE> 1 (was CODE)
  Relative segment, address: 3A7E - 3A83 (0x6 bytes), align: 1
  Segment part 126.           Intra module refs:   NLME_SendNetworkStatus
    -------------------------------------------------------------------------
<CODE> 1 (was CODE)
  Relative segment, address: 3A84 - 3AA9 (0x26 bytes), align: 1
  Segment part 127.
           ENTRY                   ADDRESS         REF BY
           =====                   =======         ======
           SSP_StoreRandomSeedNV   3A84            ZMacInit (zmac)
               calls direct
               CSTACK = 00000000 ( 00000006 )
    -------------------------------------------------------------------------
<CODE> 1 (was CODE)
  Relative segment, address: 3AAA - 3AB1 (0x8 bytes), align: 1
  Segment part 131.           Intra module refs:   nwk_data_ind_processing
    -------------------------------------------------------------------------
<CODE> 1 (was CODE)
  Relative segment, address: 3AB2 - 3AB9 (0x8 bytes), align: 1
  Segment part 139.           Intra module refs:   APS_GetBind
    -------------------------------------------------------------------------
<CODE> 1 (was CODE)
  Relative segment, address: 3ABA - 3AEB (0x32 bytes), align: 1
  Segment part 144.           Intra module refs:   nwkNeighborFindEmptySlot
           ENTRY                   ADDRESS         REF BY
           =====                   =======         ======
           RTG_nextHopIsBad        3ABA 
               CSTACK = 00000000 ( 00000004 )
    -------------------------------------------------------------------------
<CODE> 1 (was CODE)
  Relative segment, address: 3AEC - 3BC1 (0xd6 bytes), align: 1
  Segment part 145.           Intra module refs:   RTG_SendBrokenRoute
           ENTRY                   ADDRESS         REF BY
           =====                   =======         ======
           nwkNeighborFindRandom   3AEC 
               calls direct
               CSTACK = 00000000 ( 00000010 )
    -------------------------------------------------------------------------
<CODE> 1 (was CODE)
  Relative segment, address: 3BC2 - 3BE1 (0x20 bytes), align: 1
  Segment part 146.           Intra module refs:   AddrMgrExtAddrLookup
                                                   Segment part 439
                                                   Segment part 644
           ENTRY                   ADDRESS         REF BY
           =====                   =======         ======
           AddrMgrExtAddrValid     3BC2 
               CSTACK = 00000000 ( 00000004 )
    -------------------------------------------------------------------------
<CODE> 1 (was CODE)
  Relative segment, address: 3BE2 - 3C07 (0x26 bytes), align: 1
  Segment part 147.           Intra module refs:   AddrMgrEntryAddRef
                                                   AddrMgrEntryGet
                                                   AddrMgrEntryRelease
           ENTRY                   ADDRESS         REF BY
           =====                   =======         ======
           AddrMgrEntryValidate    3BE2 
               CSTACK = 00000000 ( 00000004 )
    -------------------------------------------------------------------------
<CODE> 1 (was CODE)
  Relative segment, address: 3C08 - 3C17 (0x10 bytes), align: 1
  Segment part 148.           Intra module refs:   AddrMgrEntryGet
                                                   AddrMgrExtAddrLookup
                                                   Segment part 423
                                                   Segment part 568
           ENTRY                   ADDRESS         REF BY
           =====                   =======         ======
           AddrMgrExtAddrSet       3C08            ?Subroutine30 (ZDSecMgr)
                                                   ?Subroutine6 (BindingTable)
                                                   ZDO_UpdateAddrManager (ZDObject)
                                                   ZDSecMgrExtAddrLookup (ZDSecMgr)
               calls direct
               CSTACK = 00000000 ( 00000004 )
    -------------------------------------------------------------------------
<CODE> 1 (was CODE)
  Relative segment, address: 3C18 - 3C59 (0x42 bytes), align: 1
  Segment part 149.           Intra module refs:   AssocGetWithAddress
           ENTRY                   ADDRESS         REF BY
           =====                   =======         ======
           AddrMgrEntryGet         3C18            ?Subroutine2 (BindingTable)
               calls direct
               CSTACK = 00000000 ( 0000000C )
    -------------------------------------------------------------------------
<CODE> 1 (was CODE)
  Relative segment, address: 3C5A - 3C5F (0x6 bytes), align: 1
  Segment part 150.           Intra module refs:   AddrMgrEntryGet
                                                   AddrMgrEntryLookupExt
    -------------------------------------------------------------------------
<CODE> 1 (was CODE)
  Relative segment, address: 3C60 - 3CCB (0x6c bytes), align: 1
  Segment part 151.           Intra module refs:   AssocGetWithExt
                                                   AssocGetWithShort
           ENTRY                   ADDRESS         REF BY
           =====                   =======         ======
           AssocGetWithAddress     3C60 
               calls direct
               CSTACK = 00000000 ( 0000001A )
    -------------------------------------------------------------------------
<CODE> 1 (was CODE)
  Relative segment, address: 3CCC - 3CD3 (0x8 bytes), align: 1
  Segment part 152.           Intra module refs:   Segment part 284
           ENTRY                   ADDRESS         REF BY
           =====                   =======         ======
           AssocGetWithShort       3CCC 
               calls direct
               CSTACK = 00000000 ( 00000004 )
    -------------------------------------------------------------------------
<CODE> 1 (was CODE)
  Relative segment, address: 3CD4 - 3CF9 (0x26 bytes), align: 1
  Segment part 153.           Intra module refs:   Segment part 236
           ENTRY                   ADDRESS         REF BY
           =====                   =======         ======
           aps_FindGroup           3CD4 
               CSTACK = 00000000 ( 00000004 )
    -------------------------------------------------------------------------
<CODE> 1 (was CODE)
  Relative segment, address: 3CFA - 3D2F (0x36 bytes), align: 1
  Segment part 154.           Intra module refs:   NLME_RouteDiscoveryRequest
                                                   RTG_AddRtgEntry
                                                   RTG_SendRErr
                                                   Segment part 224
           ENTRY                   ADDRESS         REF BY
           =====                   =======         ======
           RTG_GetRoutingAddress   3CFA 
               calls direct
               CSTACK = 00000000 ( 00000006 )
    -------------------------------------------------------------------------
<CODE> 1 (was CODE)
  Relative segment, address: 3D30 - 3D57 (0x28 bytes), align: 1
  Segment part 155.           Intra module refs:   NLME_RouteDiscoveryIndication
                                                   RTG_GetRtgEntry
           ENTRY                   ADDRESS         REF BY
           =====                   =======         ======
           RTG_RemoveRtgEntry      3D30            ZDApp_LeaveUpdate (ZDApp)
               calls direct
               CSTACK = 00000000 ( 00000006 )
    -------------------------------------------------------------------------
<CODE> 1 (was CODE)
  Relative segment, address: 3D58 - 3DBB (0x64 bytes), align: 1
  Segment part 156.           Intra module refs:   RTG_AddRtgEntry
                                                   RTG_SendBrokenRoute
                                                   Segment part 224
                                                   Segment part 575
           ENTRY                   ADDRESS         REF BY
           =====                   =======         ======
           RTG_GetRtgEntry         3D58 
               calls direct
               CSTACK = 00000000 ( 00000006 )
    -------------------------------------------------------------------------
<CODE> 1 (was CODE)
  Relative segment, address: 3DBC - 3E79 (0xbe bytes), align: 1
  Segment part 157.           Intra module refs:   APS_DataIndReflect
                                                   NLDE_DataIndication
           ENTRY                   ADDRESS         REF BY
           =====                   =======         ======
           APSDE_DataIndication    3DBC 
               calls direct and indirect
               CSTACK = 00000000 ( 00000010 )
    -------------------------------------------------------------------------
<CODE> 1 (was CODE)
  Relative segment, address: 3E7A - 3EBB (0x42 bytes), align: 1
  Segment part 158.           Intra module refs:   APS_EndDeviceBroadcastCheck
                                                   Segment part 433
                                                   nwk_data_ind_processing
                                                   nwk_process_dstAddr
           ENTRY                   ADDRESS         REF BY
           =====                   =======         ======
           NLME_IsAddressBroadcast
                                   3E7A            ?Subroutine25 (ZDObject)
                                                   AF_DataRequest (AF)
               CSTACK = 00000000 ( 00000004 )
    -------------------------------------------------------------------------
<CODE> 1 (was CODE)
  Relative segment, address: 3EBC - 3F3F (0x84 bytes), align: 1
  Segment part 159.           Intra module refs:   NLDE_DataIndication
           ENTRY                   ADDRESS         REF BY
           =====                   =======         ======
           APS_EndDeviceBroadcastCheck
                                   3EBC 
               calls direct
               CSTACK = 00000000 ( 00000006 )
    -------------------------------------------------------------------------
<CODE> 1 (was CODE)
  Relative segment, address: 3F40 - 3FAB (0x6c bytes), align: 1
  Segment part 160.           Intra module refs:   NLDE_DataIndication
           ENTRY                   ADDRESS         REF BY
           =====                   =======         ======
           APS_CmdInd              3F40 
               calls direct
               CSTACK = 00000000 ( 0000000C )
    -------------------------------------------------------------------------
<CODE> 1 (was CODE)
  Relative segment, address: 3FAC - 3FAF (0x4 bytes), align: 1
  Segment part 161.           Intra module refs:   APSDE_FrameAlloc
                                                   APSDE_FrameSend
           ENTRY                   ADDRESS         REF BY
           =====                   =======         ======
           APSDE_FrameBlkFree      3FAC 
               calls direct
               CSTACK = 00000000 ( 00000004 )
    -------------------------------------------------------------------------
<CODE> 1 (was CODE)
  Relative segment, address: 3FB0 - 3FB9 (0xa bytes), align: 1
  Segment part 162.           Intra module refs:   APSDE_FrameBlkFree
                                                   nwkDB_DeleteRecAll
                                                   nwk_MacDataBuffersAdd
    -------------------------------------------------------------------------
<CODE> 1 (was CODE)
  Relative segment, address: 3FBA - 40B7 (0xfe bytes), align: 1
  Segment part 163.           Intra module refs:   Segment part 738
           ENTRY                   ADDRESS         REF BY
           =====                   =======         ======
           APSDE_FrameHdrSet       3FBA 
               CSTACK = 00000000 ( 00000008 )
    -------------------------------------------------------------------------
<CODE> 1 (was CODE)
  Relative segment, address: 40B8 - 40DD (0x26 bytes), align: 1
  Segment part 164.           Intra module refs:   APSDE_DataReq
                                                   APS_Reflect
                                                   apsGenerateAck
           ENTRY                   ADDRESS         REF BY
           =====                   =======         ======
           APSDE_FrameSend         40B8 
               calls direct and indirect
               CSTACK = 00000000 ( 00000006 )
    -------------------------------------------------------------------------
<CODE> 1 (was CODE)
  Relative segment, address: 40DE - 40F9 (0x1c bytes), align: 1
  Segment part 165.           Intra module refs:   NLDE_GetHandle
                                                   nwkBuildDataCnf
                                                   nwk_MacDataBuffersAdd
                                                   nwk_MacDataBuffersDealloc
                                                   nwk_data_cnf_processing
           ENTRY                   ADDRESS         REF BY
           =====                   =======         ======
           nwkDB_FindHandle        40DE 
               CSTACK = 00000000 ( 00000004 )
    -------------------------------------------------------------------------
<CODE> 1 (was CODE)
  Relative segment, address: 40FA - 4113 (0x1a bytes), align: 1
  Segment part 166.           Intra module refs:   NLDE_DataReqAlloc
           ENTRY                   ADDRESS         REF BY
           =====                   =======         ======
           NLDE_GetHandle          40FA 
               calls direct
               CSTACK = 00000000 ( 00000004 )
    -------------------------------------------------------------------------
<CODE> 1 (was CODE)
  Relative segment, address: 4114 - 4119 (0x6 bytes), align: 1
  Segment part 167.
           ENTRY                   ADDRESS         REF BY
           =====                   =======         ======
           NLME_GetShortAddr       4114            AF_DataRequest (AF)
                                                   ZDApp_AnnounceNewAddress (ZDApp)
                                                   ZDApp_ProcessNetworkJoin (ZDApp)
                                                   ZDO_ProcessActiveEPReq (ZDObject)
                                                   ZDO_UpdateNwkStatus (ZDObject)
                                                   ZDP_EndDeviceBindReq (ZDProfile)
                                                   zclSampleSw_HandleKeys (zcl_samplesw)
               CSTACK = 00000000 ( 00000004 )
    -------------------------------------------------------------------------
<CODE> 1 (was CODE)
  Relative segment, address: 411A - 415B (0x42 bytes), align: 1
  Segment part 168.           Intra module refs:   APSDE_FrameAlloc
                                                   NLME_CmdDataReqAlloc
           ENTRY                   ADDRESS         REF BY
           =====                   =======         ======
           NLDE_DataReqAlloc       411A 
               calls direct
               CSTACK = 00000000 ( 00000008 )
    -------------------------------------------------------------------------
<CODE> 1 (was CODE)
  Relative segment, address: 415C - 4161 (0x6 bytes), align: 1
  Segment part 169.           Intra module refs:   NLDE_DataReqAlloc
                                                   nwk_broadcastReceive
    -------------------------------------------------------------------------
<CODE> 1 (was CODE)
  Relative segment, address: 4162 - 418D (0x2c bytes), align: 1
  Segment part 170.           Intra module refs:   APSDE_FrameBlkInit
           ENTRY                   ADDRESS         REF BY
           =====                   =======         ======
           APSME_FrameSecInit      4162 
               calls indirect
               CSTACK = 00000000 ( 00000006 )
    -------------------------------------------------------------------------
<CODE> 1 (was CODE)
  Relative segment, address: 418E - 4215 (0x88 bytes), align: 1
  Segment part 171.           Intra module refs:   APSDE_FrameBlkInit
           ENTRY                   ADDRESS         REF BY
           =====                   =======         ======
           APSDE_FrameHdrInit      418E 
               CSTACK = 00000000 ( 00000006 )
    -------------------------------------------------------------------------
<CODE> 1 (was CODE)
  Relative segment, address: 4216 - 4235 (0x20 bytes), align: 1
  Segment part 172.           Intra module refs:   APSDE_FrameAlloc
           ENTRY                   ADDRESS         REF BY
           =====                   =======         ======
           APSDE_FrameBlkInit      4216 
               calls direct
               CSTACK = 00000000 ( 00000006 )
    -------------------------------------------------------------------------
<CODE> 1 (was CODE)
  Relative segment, address: 4236 - 42D5 (0xa0 bytes), align: 1
  Segment part 173.           Intra module refs:   Segment part 732
           ENTRY                   ADDRESS         REF BY
           =====                   =======         ======
           APSDE_FrameAlloc        4236 
               calls direct
               CSTACK = 00000000 ( 0000000E )
    -------------------------------------------------------------------------
<CODE> 1 (was CODE)
  Relative segment, address: 42D6 - 437B (0xa6 bytes), align: 1
  Segment part 174.           Intra module refs:   APSF_IncomingData
                                                   Segment part 191
           ENTRY                   ADDRESS         REF BY
           =====                   =======         ======
           apsGenerateAck          42D6 
               calls direct
               CSTACK = 00000000 ( 0000001A )
    -------------------------------------------------------------------------
<CODE> 1 (was CODE)
  Relative segment, address: 437C - 43A7 (0x2c bytes), align: 1
  Segment part 175.           Intra module refs:   nwkDB_AddIndirectEntry
                                                   nwk_MacDataBuffersDealloc
           LOCAL                   ADDRESS         
           =====                   =======         
           nwkDB_FindNextIndirectHold
                                   437C 
               CSTACK = 00000000 ( 00000004 )
    -------------------------------------------------------------------------
<CODE> 1 (was CODE)
  Relative segment, address: 43A8 - 43DD (0x36 bytes), align: 1
  Segment part 176.           Intra module refs:   nwk_MacDataBuffersDealloc
           LOCAL                   ADDRESS         
           =====                   =======         
           nwkDB_AddIndirectEntry
                                   43A8 
               calls direct
               CSTACK = 00000000 ( 00000006 )
    -------------------------------------------------------------------------
<CODE> 1 (was CODE)
  Relative segment, address: 43DE - 4409 (0x2c bytes), align: 1
  Segment part 177.           Intra module refs:   nwkDB_DeleteRecAll
           ENTRY                   ADDRESS         REF BY
           =====                   =======         ======
           nwkDB_RemoveFromList    43DE 
               CSTACK = 00000000 ( 00000004 )
    -------------------------------------------------------------------------
<CODE> 1 (was CODE)
  Relative segment, address: 440A - 4435 (0x2c bytes), align: 1
  Segment part 178.           Intra module refs:   nwk_MacDataBuffersDealloc
           ENTRY                   ADDRESS         REF BY
           =====                   =======         ======
           nwkDB_DeleteRecAll      440A 
               calls direct
               CSTACK = 00000000 ( 00000006 )
    -------------------------------------------------------------------------
<CODE> 1 (was CODE)
  Relative segment, address: 4436 - 4487 (0x52 bytes), align: 1
  Segment part 179.           Intra module refs:   nwkBuildDataCnf
                                                   nwk_data_cnf_processing
           ENTRY                   ADDRESS         REF BY
           =====                   =======         ======
           nwk_MacDataBuffersDealloc
                                   4436 
               calls direct
               CSTACK = 00000000 ( 00000010 )
    -------------------------------------------------------------------------
<CODE> 1 (was CODE)
  Relative segment, address: 4488 - 448F (0x8 bytes), align: 1
  Segment part 180.           Intra module refs:   nwk_MacDataBuffersDealloc
                                                   nwk_associate_cnf_processing
    -------------------------------------------------------------------------
<CODE> 1 (was CODE)
  Relative segment, address: 4490 - 44A7 (0x18 bytes), align: 1
  Segment part 181.           Intra module refs:   nwkBuildDataCnf
           ENTRY                   ADDRESS         REF BY
[...]
           ENTRY                   ADDRESS         REF BY
           =====                   =======         ======
           ?ShiftRight32u_4        00012EC0 
    -------------------------------------------------------------------------
<CODE> 3 (was CODE)
  Relative segment, address: 00012EC4 - 00012EC7 (0x4 bytes), align: 1
  Segment part 5.             Intra module refs:   ?ShiftRight32u_4
           ENTRY                   ADDRESS         REF BY
           =====                   =======         ======
           ?ShiftRight32u_3        00012EC4 
    -------------------------------------------------------------------------
<CODE> 3 (was CODE)
  Relative segment, address: 00012EC8 - 00012ED1 (0xa bytes), align: 1
  Segment part 6.             Intra module refs:   ?ShiftRight32u_3
           ENTRY                   ADDRESS         REF BY
           =====                   =======         ======
           ?ShiftRight32u_2        00012EC8 

    -------------------------------------------------------------------------
  LIBRARY MODULE, NAME : ?ShiftRight32u_8n

  SEGMENTS IN THE MODULE
  ======================
<CODE> 3 (was CODE)
  Relative segment, address: 00015050 - 00015053 (0x4 bytes), align: 1
  Segment part 4.
           ENTRY                   ADDRESS         REF BY
           =====                   =======         ======
           ?ShiftRight32u_10       00015050        macApiScanReq (mac_beacon)
    -------------------------------------------------------------------------
<CODE> 3 (was CODE)
  Relative segment, address: 00015054 - 00015057 (0x4 bytes), align: 1
  Segment part 5.             Intra module refs:   ?ShiftRight32u_10
           ENTRY                   ADDRESS         REF BY
           =====                   =======         ======
           ?ShiftRight32u_9        00015054 
    -------------------------------------------------------------------------
<CODE> 3 (was CODE)
  Relative segment, address: 00015058 - 00015063 (0xc bytes), align: 1
  Segment part 6.             Intra module refs:   ?ShiftRight32u_9
           ENTRY                   ADDRESS         REF BY
           =====                   =======         ======
           ?ShiftRight32u_8        00015058 

    -------------------------------------------------------------------------
  LIBRARY MODULE, NAME : ?memcpy

  SEGMENTS IN THE MODULE
  ======================
<CODE> 3 (was CODE)
  Relative segment, address: 00014E5C - 00014E75 (0x1a bytes), align: 1
  Segment part 2.
           ENTRY                   ADDRESS         REF BY
           =====                   =======         ======
           memcpy                  00014E5C        __data16_memcpy (?memzero)
               CSTACK = 00000000 ( 00000006 )

    -------------------------------------------------------------------------
  LIBRARY MODULE, NAME : ?CopyMemoryBytes

  SEGMENTS IN THE MODULE
  ======================
<CODE> 3 (was CODE)
  Relative segment, address: 00015378 - 00015387 (0x10 bytes), align: 1
  Segment part 0.
           ENTRY                   ADDRESS         REF BY
           =====                   =======         ======
           ?CopyMemoryBytes        00015378        nwk_getNetworkDesc (APS)
                                                   zmain_cert_init (ZMain)
                                                   zmain_ext_addr (ZMain)

    -------------------------------------------------------------------------
  LIBRARY MODULE, NAME : ?CopyMemoryWords

  SEGMENTS IN THE MODULE
  ======================
<CODE> 3 (was CODE)
  Relative segment, address: 00015328 - 00015337 (0x10 bytes), align: 1
  Segment part 0.
           ENTRY                   ADDRESS         REF BY
           =====                   =======         ======
           ?CopyMemoryWords        00015328        macPibReset (mac_pib)
                                                   zclSendMsg (zcl)

    -------------------------------------------------------------------------
  LIBRARY MODULE, NAME : ?ClearMemoryBytes

  SEGMENTS IN THE MODULE
  ======================
<CODE> 3 (was CODE)
  Relative segment, address: 000153B8 - 000153C7 (0x10 bytes), align: 1
  Segment part 0.
           ENTRY                   ADDRESS         REF BY
           =====                   =======         ======
           ?ClearMemoryBytes       000153B8        ?Subroutine7 (OSAL)
                                                   nwk_ExtPANIDValid (APS)

    -------------------------------------------------------------------------
  LIBRARY MODULE, NAME : ?memset

  SEGMENTS IN THE MODULE
  ======================
<CODE> 3 (was CODE)
  Relative segment, address: 00014F5C - 00014F73 (0x18 bytes), align: 1
  Segment part 2.
           ENTRY                   ADDRESS         REF BY
           =====                   =======         ======
           memset                  00014F5C        osal_memset (OSAL)
               CSTACK = 00000000 ( 00000006 )

    -------------------------------------------------------------------------
  LIBRARY MODULE, NAME : ?memzero

  SEGMENTS IN THE MODULE
  ======================
<CODE> 3 (was CODE)
  Relative segment, address: 000151F6 - 00015207 (0x12 bytes), align: 1
  Segment part 4.
           ENTRY                   ADDRESS         REF BY
           =====                   =======         ======
           __data16_memzero        000151F6        ?cstart_init_zero (?cstart)
               CSTACK = 00000000 ( 00000004 )
    -------------------------------------------------------------------------
<CODE> 3 (was CODE)
  Relative segment, address: 000157D4 - 000157D7 (0x4 bytes), align: 1
  Segment part 3.
           ENTRY                   ADDRESS         REF BY
           =====                   =======         ======
           __data16_memcpy         000157D4        ?cstart_init_copy (?cstart)
               calls direct
               CSTACK = 00000000 ( 00000004 )

    -------------------------------------------------------------------------
  LIBRARY MODULE, NAME : ?Mul8Hw

  SEGMENTS IN THE MODULE
  ======================
<CODE> 3 (was CODE)
  Relative segment, address: 00014CB4 - 00014CD1 (0x1e bytes), align: 1
  Segment part 0.
           ENTRY                   ADDRESS         REF BY
           =====                   =======         ======
           ?Mul8Hw                 00014CB4 
           ?Mul16Hw                00014CB8 
           ?Mul16to32uHw           00014CB8        HalLedUpdate (hal_led)

    -------------------------------------------------------------------------
  LIBRARY MODULE, NAME : ?Mul32Hw

  SEGMENTS IN THE MODULE
  ======================
<CODE> 3 (was CODE)
  Relative segment, address: 00014250 - 0001427F (0x30 bytes), align: 1
  Segment part 0.
           ENTRY                   ADDRESS         REF BY
           =====                   =======         ======
           ?Mul32Hw                00014250        Segment part 242 (mac_beacon)
                                                   osal_ConvertUTCSecs (OSAL_Clock)

    -------------------------------------------------------------------------
  LIBRARY MODULE, NAME : ?IndCallR9

  SEGMENTS IN THE MODULE
  ======================
<CODE> 3 (was CODE)
  Relative segment, address: 000157B8 - 000157BB (0x4 bytes), align: 1
  Segment part 0.
           ENTRY                   ADDRESS         REF BY
           =====                   =======         ======
           ?IndCallR9              000157B8        afFindSimpleDesc (AF)

    -------------------------------------------------------------------------
  LIBRARY MODULE, NAME : ?IndCallR11

  SEGMENTS IN THE MODULE
  ======================
<CODE> 3 (was CODE)
  Relative segment, address: 000157AC - 000157AF (0x4 bytes), align: 1
  Segment part 0.
           ENTRY                   ADDRESS         REF BY
           =====                   =======         ======
           ?IndCallR11             000157AC        ZMacDataReqSec (zmac)
                                                   nwkDB_FindMatch (APS)
                                                   zclAuthorizeWrite (zcl)
                                                   zclGeneral_ProcessInIdentity (zcl_general)
                                                   zclGetAttrDataLengthUsingCB (zcl)
                                                   zclProcessInReadCmd (zcl)
                                                   zclReadAttrDataUsingCB (zcl)
                                                   zclWriteAttrDataUsingCB (zcl)

    -------------------------------------------------------------------------
  LIBRARY MODULE, NAME : ?IndCallR15

  SEGMENTS IN THE MODULE
  ======================
<CODE> 3 (was CODE)
  Relative segment, address: 000157D8 - 000157DB (0x4 bytes), align: 1
  Segment part 0.
           ENTRY                   ADDRESS         REF BY
           =====                   =======         ======
           ?IndCallR15             000157D8        AF_DataRequest (AF)
                                                   MAC_MlmeResetReq (mac_beacon)
                                                   MT_ProcessIncoming (MT)
                                                   ZDO_ProcessMatchDescReq (ZDObject)
                                                   ZDP_IncomingData (ZDProfile)
                                                   afIncomingData (AF)
                                                   macBackoffTimerTriggerCallback (mac_beacon)
                                                   macExecute (mac_beacon)
                                                   nwk_sys_event_processing (APS)
                                                   osal_run_system (OSAL)
                                                   zclGeneral_HdlInSpecificCommands (zcl_general)
                                                   zclProcessMessageMSG (zcl)

    -------------------------------------------------------------------------
  LIBRARY MODULE, NAME : ?strcat

  SEGMENTS IN THE MODULE
  ======================
<CODE> 3 (was CODE)
  Relative segment, address: 00014D64 - 00014D7F (0x1c bytes), align: 1
  Segment part 2.
           ENTRY                   ADDRESS         REF BY
           =====                   =======         ======
           strcat                  00014D64        ?Subroutine8 (OSAL)
                                                   Segment part 40 (OSAL)
               CSTACK = 00000000 ( 00000004 )

    -------------------------------------------------------------------------
  LIBRARY MODULE, NAME : ?strcpy

  SEGMENTS IN THE MODULE
  ======================
<CODE> 3 (was CODE)
  Relative segment, address: 000151D2 - 000151E3 (0x12 bytes), align: 1
  Segment part 2.
           ENTRY                   ADDRESS         REF BY
           =====                   =======         ======
           strcpy                  000151D2        _ltoa (OSAL)
               CSTACK = 00000000 ( 00000004 )

    -------------------------------------------------------------------------
  LIBRARY MODULE, NAME : ?strlen

  SEGMENTS IN THE MODULE
  ======================
<CODE> 3 (was CODE)
  Relative segment, address: 0001519C - 000151AD (0x12 bytes), align: 1
  Segment part 2.
           ENTRY                   ADDRESS         REF BY
           =====                   =======         ======
           strlen                  0001519C        HalLcd_HW_WriteLine (hal_lcd)
                                                   _ltoa (OSAL)
                                                   osal_strlen (OSAL)
               CSTACK = 00000000 ( 00000004 )




                ****************************************
                *                                      *
                *            MODULE SUMMARY            *
                *                                      *
                ****************************************

Module                CODE      DATA      CONST
------                ----      ----      -----
                     (Rel)  (Rel)  (Abs)  (Rel)
?ClearMemoryBytes       16
?CopyMemoryBytes        16
?CopyMemoryWords        16
?DivMod32u              56
?DivMod816s             52
?DivMod816u             28
?IndCallR11              4
?IndCallR15              4
?IndCallR9               4
?Mul32Hw                48
?Mul8Hw                 30
?OneBitMask32           34
?ShiftLeft32            14
?ShiftLeft32_8n         12
?ShiftRight32u          94
?ShiftRight32u_8n       20
?__exit                  4
?_exit                   4
?clibexit                4
?cstart                 48
?memcpy                 26
?memset                 24
?memzero                22
?reset_vector            2
?strcat                 28
?strcpy                 18
?strlen                 18
AF                   1 374      3             1
APS                 19 232    269            56
BindingTable         1 498     29
DCO_Library            208
DebugTrace              68
MSP430FlashUtil        140      3      4
  + shared                             2
MT                     236     44            44
MT_AF                  140      4
MT_DEBUG               224
MT_SYS               1 758                   12
MT_TASK                372      1
MT_UART                430      7
MT_VERSION                                    5
MT_ZDO               1 972      2
OSAL                 1 284      3             3
OSAL_Clock             688     12
OSAL_Memory            328  2 051
OSAL_Nv              8 514     34             6
OSAL_PwrMgr             10      8
OSAL_SampleSw           84      2            37
OSAL_Timers            450      6
OnBoard                224      9             1
ZDApp                2 670     63            11
ZDConfig               108     16
ZDNwkMgr                        8
ZDObject             2 256     55            81
ZDProfile            2 534     86            62
ZDSecMgr               392      2
ZGlobals               296     52            38
ZMain                  650                   63
  + shared                            10
hal_adc                272            16
hal_assert             350      1
  + shared                             1
hal_drivers            114      1
hal_key                404      6      5
  + common              40
hal_lcd                726      2      7     17
  + shared                             2
hal_led                606     42
hal_mac_cfg            332             3
  + shared              38             4
  + common
hal_sleep
  + shared                             8
hal_startup             10
hal_timer                4             8
  + common              60
hal_uart               860     44      8     10
  + common              48
mac_autopend           910      4             1
mac_backoff_timer      208      8
mac_beacon           6 600    238           693
mac_cfg                                       5
mac_dualchip           770      9      2      1
  + shared                             1
mac_dualchip_tx        446
  + shared                             2
mac_low_level           76                   32
mac_mcu_timer          486     31      8
  + common              52
mac_pib                380     66           210
mac_radio              464      4
mac_radio_defs                               22
mac_rx               1 666     21             4
mac_rx_onoff           272      2
mac_sleep               58      1             1
mac_spi                598      1      7
mac_tx                 670      8             1
nwk_globals            322  1 073           103
saddr                   96
zcl                  4 764     15           113
zcl_general            508      3
zcl_ha                  40
zcl_samplesw           606     83            70
zcl_samplesw_data              36           178
zmac                   484      6
zmac_cb                648      5            17
N/A (command line)            512
N/A (alignment)
----------          ------  -----     --  -----
Total:              73 536  4 991     98  1 898
  + common              60


                ****************************************
                *                                      *
                *      SEGMENTS IN ADDRESS ORDER       *
                *                                      *
                ****************************************


SEGMENT              SPACE    START ADDRESS   END ADDRESS     SIZE  TYPE  ALIGN
=======              =====    =============   ===========     ====  ====  =====
DATA16_AN                              0001 - 0003               3   rel    0
                                       0007 - 0007               1 
                                       001B - 001E               4 
                                       0020 - 0026               7 
                                       0028 - 002E               7 
                                       0030 - 0037               8 
                                       0053 - 0053               1 
                                       0057 - 0058               2 
                                       005B - 005B               1 
                                       0060 - 0063               4 
                                       0066 - 006B               6 
                                       006F - 006F               1 
                                       0080 - 0080               1 
                                       0086 - 0086               1 
                                       008A - 008A               1 
                                       00D8 - 00DB               4 
                                       00DE - 00DF               2 
                                       0120 - 0121               2 
                                       0128 - 0129               2 
                                       012C - 012F               4 
                                       0140 - 0141               2 
                                       014C - 014D               2 
                                       0154 - 0155               2 
                                       0160 - 0167               8 
                                       0170 - 0177               8 
                                       0180 - 0183               4 
                                       0190 - 0193               4 
                                       01A0 - 01A5               6 
DATA16_I                               1100 - 1225             126   rel    1
DATA16_Z                               1226 - 1A7C             857   rel    1
DATA16_N                               1A7E - 227F             802   rel    1
CSTACK                                 2F00 - 30FF             200   rel    1
CSTART                                 3100 - 312F              30   rel    1
ISR_CODE                               3130 - 32D3             1A4   rel    1
DATA16_C                               32D4 - 3917             644   rel    1
DATA16_ID                              3918 - 3A3D             126   rel    1
<CODE> 1                               3A3E - E1FF            A7C2   rel    1
ZIGNV_ADDRESS_SPACE
                                       E200 - F9FF            1800   rel    0
<CODE> 2                               FA00 - FFBD             5BE   rel    1
INTVEC                                 FFC0 - FFFB              3C   com    1
RESET                                  FFFE - FFFF               2   rel    1
<CODE> 3                           00010000 - 000157E9        57EA   rel    1

                ****************************************
                *                                      *
                *        END OF CROSS REFERENCE        *
                *                                      *
                ****************************************

 73 596 bytes of CODE  memory
  4 991 bytes of DATA  memory (+ 98 absolute )
  1 898 bytes of CONST memory

Errors: none
Warnings: none

